// Jest Snapshot v1, https://goo.gl/fbAQLP

exports[`renders cytoscape correctly 1`] = `
<div>
  <div
    id="cy"
  />
</div>
`;
